// Jest Snapshot v1, https://goo.gl/fbAQLP

exports[`it generates a campaign update snapshot 1`] = `
<Card
  className="rounded bordered"
  id="1234567890"
  link="http://example.com/link-to-content"
  title="Campaign Update"
>
  <Markdown
    className="padded"
  >
    Donec id elit non mi porta gravida at eget metus.
  </Markdown>
  <footer
    className="padded clearfix"
  >
    <Byline
      author="Aang"
      avatar="http://example.com/avatar-aang.jpg"
      className="float-left"
      jobTitle="The Last Airbender"
      share={null}
    />
    <Connect(Share)
      className="float-right clear-none"
      link="http://example.com/link-to-content"
      parentSource="campaignUpdate"
      variant="icon"
    />
  </footer>
</Card>
`;
