// Jest Snapshot v1, https://goo.gl/fbAQLP

exports[`it renders correctly with required props 1`] = `
<Gallery
  type="triad"
>
  <ReportbackItem
    basicDisplay={true}
    firstName="A Doer"
    isFetching={false}
    media={
      Object {
        "uri": "http://fakelink.com",
      }
    }
    noun={
      Object {
        "plural": "items",
        "singular": "item",
      }
    }
    reaction={null}
    toggleReactionOff={[Function]}
    toggleReactionOn={[Function]}
    url="http://fakelink.com"
  />
</Gallery>
`;

exports[`it renders loader while fetching 1`] = `
<div
  className="spinner -centered"
/>
`;
